[theflyingpanda.io/LogoIconColoured.png]
[theflyingpanda.io/manifest.json]
[backblue.gif]
[fade.gif]
[index.html]
[theflyingpanda.io/index.html]
[emrldco.com/NTA4NTMya99b.js]
[widget.trustpilot.com/bootstrap/v5/tp.widget.bootstrap.min.js]
[theflyingpanda.io/assets/index-ZavE6wyR.js]
[theflyingpanda.io/assets/index-z1Q0cgJg.css]
[theflyingpanda.io/chunk.CPjt2gOg.html]
[theflyingpanda.io/constants.html]
[theflyingpanda.io/xhr.html]
[theflyingpanda.io/lib/widget-management.html]
[theflyingpanda.io/assets/PricingSection-etZOrDNF.js]
[theflyingpanda.io/assets/iconBase-X4fiEg7p.js]
[theflyingpanda.io/assets/clsx-B-dksMZM.js]
[theflyingpanda.io/assets/floating-ui.dom-CQDleePo.js]
[theflyingpanda.io/assets/PricingSection-DguWJUkH.css]
[theflyingpanda.io/assets/index-DdSGeVBV.js]
[theflyingpanda.io/assets/Shimmer-jjUBrQDp.js]
[theflyingpanda.io/assets/AboutUs-B4UPlyt7.js]
[theflyingpanda.io/assets/Services-DYVmthK1.js]
[theflyingpanda.io/assets/Notification-01-W13goep-.js]
[theflyingpanda.io/assets/pricing-DlGQbdN9.js]
[theflyingpanda.io/assets/SaperatedFAQPage-D0x2VFIq.js]
[theflyingpanda.io/assets/VisaAppointment-SOZTvHuM.js]
[theflyingpanda.io/assets/BounceLoader -yaZk62gV.js]
[theflyingpanda.io/assets/VisaAppointment-xmHsx8Kk.css]
[theflyingpanda.io/assets/book-now-img1-mI37nbqA.webp]
[theflyingpanda.io/assets/BookNow-BUUCWswX.js]
[theflyingpanda.io/assets/DirectBooknow-j59SqjlW.js]
[theflyingpanda.io/assets/Coustomerdatatable-B4-XFHQ7.js]
[theflyingpanda.io/assets/index-BW51eCBd.js]
[theflyingpanda.io/assets/Customer Centric Icon-01-Duf7XyRx.svg]
[theflyingpanda.io/assets/Innovation-01-Di9suU5Y.svg]
[theflyingpanda.io/assets/Visa-01-ClXz94ZG.svg]
[theflyingpanda.io/assets/Insurance-01-z0KZHwXu.svg]
[theflyingpanda.io/assets/Documents-01-BI_h4tDm.svg]
[theflyingpanda.io/assets/Consulting-01-Dt-nivfW.svg]
[theflyingpanda.io/assets/Itiniary-01-DzP-O0a8.svg]
[theflyingpanda.io/assets/Personalized Itiniary-01-LCRSaCHo.svg]
[theflyingpanda.io/assets/Group-01-BxP5uyPx.svg]
[theflyingpanda.io/assets/Passport-01-CR_ADkp1.svg]
